// Jest Snapshot v1, https://goo.gl/fbAQLP

exports[`<Footer /> footer snapshot 1`] = `
<footer
  className="footer"
>
  <a
    href="/"
  >
    Términos de uso
  </a>
  <a
    href="/"
  >
    Declaración de privacidad
  </a>
  <a
    href="/"
  >
    Centro de ayuda
  </a>
</footer>
`;
